// Jest Snapshot v1, https://goo.gl/fbAQLP

exports[`renders the Items component 1`] = `
<button
  className="input-btn"
  onClick={[MockFunction]}
  type="button"
>
  8
</button>
`;
