// Jest Snapshot v1, https://goo.gl/fbAQLP

exports[`renders the Navbar component 1`] = `
<nav>
  <h1>
    Math Magicians
  </h1>
  <ul>
    <li>
      <a
        aria-current="page"
        class="active"
        href="/"
      >
        Home
      </a>
    </li>
    <li>
      <a
        class=""
        href="/calculator"
      >
        Calculator
      </a>
    </li>
    <li>
      <a
        class=""
        href="/quote"
      >
        Quote
      </a>
    </li>
  </ul>
</nav>
`;
